// Jest Snapshot v1, https://goo.gl/fbAQLP

exports[`renders correctly 1`] = `
<div>
  <div>
    <h1>
      Promise of Payment
    </h1>
    <p>
      You will be paid to account 
       within 2 business days.
    </p>
    <p>
      Study Number: 12345
    </p>
    <p>
      Participant ID: 123
    </p>
  </div>
</div>
`;
