// Jest Snapshot v1, https://goo.gl/fbAQLP

exports[`renders correctly 1`] = `
<div>
  <div>
    <h3>
      Promise of Payment
    </h3>
    <h3>
      You will be paid to account 
       within 2 business days.
    </h3>
    <h3>
      Study Number: 12345
    </h3>
    <h3>
      Participant ID: 123
    </h3>
  </div>
</div>
`;
