// Jest Snapshot v1, https://goo.gl/fbAQLP

exports[`renders correctly 1`] = `
<p
  className="App-intro"
>
  The Departments of Epidemiology and Genetic Medicine at Veil Cornwell Medical College are looking for shisha ("Hookah") smokers to participate in a research study, looking at the effects that sweet delicous shisha may have on the lung cells.
</p>
`;
