// Jest Snapshot v1, https://goo.gl/fbAQLP

exports[`renders correctly 1`] = `
<div
  className="App"
>
  <header
    className="App-header"
  >
    <img
      alt="logo"
      className="App-logo"
      src="logo.svg"
    />
    <h2>
      Welcome to the State College Hookah Study
    </h2>
  </header>
  <div>
    <p>
      ERROR METAMASK LOCKED OR MISSING
    </p>
  </div>
</div>
`;
