// Jest Snapshot v1, https://goo.gl/fbAQLP

exports[`renders correctly 1`] = `
<div
  className="App"
>
  <header
    className="App-header"
  >
    <img
      alt="logo"
      className="App-logo"
      src="logo.svg"
    />
    <h1
      className="App-title"
    >
      Welcome to the Viel Cornwell Hookah Study
    </h1>
  </header>
  <div>
    <p
      className="App-intro"
    >
      The Departments of Epidemiology and Genetic Medicine at Veil Cornwell Medical College are looking for shisha ("Hookah") smokers to participate in a research study, looking at the effects that sweet delicous shisha may have on the lung cells.
    </p>
    <button
      onClick={[Function]}
    >
      Start Screening
    </button>
  </div>
</div>
`;
